[00:30:15] [Run] run_id=chb01-chb02-chb03+21_xgboost_solve_chain_qubo_exact_885eff1bab
[   2%] Collecting files
[   5%] Validating EDF channels
[  10%] Preprocessing EDF files
[Parallel(n_jobs=4)]: Using backend LokyBackend with 4 concurrent workers.
Using data from preloaded Raw for 3600 events and 256 original time points ...
Using data from preloaded Raw for 3600 events and 256 original time points ...
Using data from preloaded Raw for 3600 events and 256 original time points ...
0 bad epochs dropped
Using data from preloaded Raw for 3600 events and 256 original time points ...
0 bad epochs dropped
0 bad epochs dropped
0 bad epochs dropped
Using data from preloaded Raw for 3600 events and 256 original time points ...
0 bad epochs dropped
Using data from preloaded Raw for 3600 events and 256 original time points ...
0 bad epochs dropped
Using data from preloaded Raw for 3600 events and 256 original time points ...
0 bad epochs dropped
Using data from preloaded Raw for 3600 events and 256 original time points ...
0 bad epochs dropped
[Parallel(n_jobs=4)]: Done   5 tasks      | elapsed:    9.3s
Using data from preloaded Raw for 3600 events and 256 original time points ...
0 bad epochs dropped
Using data from preloaded Raw for 3600 events and 256 original time points ...
Using data from preloaded Raw for 3600 events and 256 original time points ...
0 bad epochs dropped
0 bad epochs dropped
Using data from preloaded Raw for 3600 events and 256 original time points ...
0 bad epochs dropped
[Parallel(n_jobs=4)]: Done  10 tasks      | elapsed:   13.1s
Using data from preloaded Raw for 3600 events and 256 original time points ...
0 bad epochs dropped
Using data from preloaded Raw for 3600 events and 256 original time points ...
Using data from preloaded Raw for 3600 events and 256 original time points ...
0 bad epochs dropped
0 bad epochs dropped
Using data from preloaded Raw for 3600 events and 256 original time points ...
0 bad epochs dropped
Using data from preloaded Raw for 3600 events and 256 original time points ...
0 bad epochs dropped
Using data from preloaded Raw for 3600 events and 256 original time points ...
0 bad epochs dropped
Using data from preloaded Raw for 3600 events and 256 original time points ...
Using data from preloaded Raw for 2663 events and 256 original time points ...
0 bad epochs dropped
0 bad epochs dropped
[Parallel(n_jobs=4)]: Done  17 tasks      | elapsed:   18.9s
Using data from preloaded Raw for 3600 events and 256 original time points ...
0 bad epochs dropped
Using data from preloaded Raw for 3600 events and 256 original time points ...
Using data from preloaded Raw for 3600 events and 256 original time points ...
0 bad epochs dropped
0 bad epochs dropped
Using data from preloaded Raw for 3600 events and 256 original time points ...
0 bad epochs dropped
[Parallel(n_jobs=4)]: Done  24 tasks      | elapsed:   23.0s
Using data from preloaded Raw for 600 events and 256 original time points ...
0 bad epochs dropped
Using data from preloaded Raw for 2325 events and 256 original time points ...
Using data from preloaded Raw for 3600 events and 256 original time points ...
0 bad epochs dropped
0 bad epochs dropped
Using data from preloaded Raw for 3600 events and 256 original time points ...
0 bad epochs dropped
Using data from preloaded Raw for 3600 events and 256 original time points ...
0 bad epochs dropped
Using data from preloaded Raw for 3600 events and 256 original time points ...
0 bad epochs dropped
Using data from preloaded Raw for 3600 events and 256 original time points ...
0 bad epochs dropped
Using data from preloaded Raw for 3600 events and 256 original time points ...
0 bad epochs dropped
Using data from preloaded Raw for 3600 events and 256 original time points ...
0 bad epochs dropped
